[1/5] Building C object tests/bsp_gpio/CMakeFiles/test_bsp_gpio.dir/runner/test_bsp_gpio_runner.c.o
FAILED: [code=1] tests/bsp_gpio/CMakeFiles/test_bsp_gpio.dir/runner/test_bsp_gpio_runner.c.o
/usr/bin/cc -DSTM32F429xx -I/Users/sohal/Developer/patel/bsp/tests/bsp_gpio -I/Users/sohal/Developer/patel/bsp/bsp_gpio -I/Users/sohal/Developer/patel/bsp/build/bsp-test-host/tests/bsp_gpio/mock_stm32_hal/mocks -I/Users/sohal/Developer/patel/bsp/build/bsp-test-host/tests/bsp_gpio/mock_stm32_hal -I/Users/sohal/Developer/patel/bsp/_deps/cpu_precompiled_hal-src/include/cpb -I/Users/sohal/Developer/patel/bsp/_deps/cpu_precompiled_hal-src/include/stm32cubef4/Drivers/STM32F4xx_HAL_Driver/Inc -I/Users/sohal/Developer/patel/bsp/_deps/cpu_precompiled_hal-src/include/stm32cubef4/Drivers/CMSIS/Device/ST/STM32F4xx/Include -I/Users/sohal/Developer/patel/bsp/_deps/cpu_precompiled_hal-src/include/stm32cubef4/Drivers/CMSIS/Core/Include -I/Users/sohal/Developer/patel/bsp/_deps/cmock-src/src -I/Users/sohal/Developer/patel/bsp/_deps/unity-src/src -I/Users/sohal/Developer/patel/bsp/_deps/unity-build -g -arch arm64 -g -O0 -Wall -Wshadow -fprofile-arcs -ftest-coverage -MD -MT tests/bsp_gpio/CMakeFiles/test_bsp_gpio.dir/runner/test_bsp_gpio_runner.c.o -MF tests/bsp_gpio/CMakeFiles/test_bsp_gpio.dir/runner/test_bsp_gpio_runner.c.o.d -o tests/bsp_gpio/CMakeFiles/test_bsp_gpio.dir/runner/test_bsp_gpio_runner.c.o -c /Users/sohal/Developer/patel/bsp/build/bsp-test-host/tests/bsp_gpio/runner/test_bsp_gpio_runner.c
In file included from /Users/sohal/Developer/patel/bsp/build/bsp-test-host/tests/bsp_gpio/runner/test_bsp_gpio_runner.c:7:
In file included from /Users/sohal/Developer/patel/bsp/build/bsp-test-host/tests/bsp_gpio/mock_stm32_hal/mocks/Mockstm32f4xx_hal_gpio.h:9:
/Users/sohal/Developer/patel/bsp/build/bsp-test-host/tests/bsp_gpio/mock_stm32_hal/stm32f4xx_hal_gpio.h:69:3: warning: declaration shadows a variable in the global scope [-Wshadow]
   69 |   GPIO_PIN_RESET = 0,
      |   ^
/Users/sohal/Developer/patel/bsp/build/bsp-test-host/tests/bsp_gpio/mock_stm32_hal/stm32f4xx_hal_def.h:52:5: note: previous declaration is here
   52 |     GPIO_PIN_RESET = 0,
      |     ^
In file included from /Users/sohal/Developer/patel/bsp/build/bsp-test-host/tests/bsp_gpio/runner/test_bsp_gpio_runner.c:7:
In file included from /Users/sohal/Developer/patel/bsp/build/bsp-test-host/tests/bsp_gpio/mock_stm32_hal/mocks/Mockstm32f4xx_hal_gpio.h:9:
/Users/sohal/Developer/patel/bsp/build/bsp-test-host/tests/bsp_gpio/mock_stm32_hal/stm32f4xx_hal_gpio.h:69:3: error: redefinition of enumerator 'GPIO_PIN_RESET'
   69 |   GPIO_PIN_RESET = 0,
      |   ^
/Users/sohal/Developer/patel/bsp/build/bsp-test-host/tests/bsp_gpio/mock_stm32_hal/stm32f4xx_hal_def.h:52:5: note: previous definition is here
   52 |     GPIO_PIN_RESET = 0,
      |     ^
In file included from /Users/sohal/Developer/patel/bsp/build/bsp-test-host/tests/bsp_gpio/runner/test_bsp_gpio_runner.c:7:
In file included from /Users/sohal/Developer/patel/bsp/build/bsp-test-host/tests/bsp_gpio/mock_stm32_hal/mocks/Mockstm32f4xx_hal_gpio.h:9:
/Users/sohal/Developer/patel/bsp/build/bsp-test-host/tests/bsp_gpio/mock_stm32_hal/stm32f4xx_hal_gpio.h:70:3: warning: declaration shadows a variable in the global scope [-Wshadow]
   70 |   GPIO_PIN_SET
      |   ^
/Users/sohal/Developer/patel/bsp/build/bsp-test-host/tests/bsp_gpio/mock_stm32_hal/stm32f4xx_hal_def.h:53:5: note: previous declaration is here
   53 |     GPIO_PIN_SET
      |     ^
In file included from /Users/sohal/Developer/patel/bsp/build/bsp-test-host/tests/bsp_gpio/runner/test_bsp_gpio_runner.c:7:
In file included from /Users/sohal/Developer/patel/bsp/build/bsp-test-host/tests/bsp_gpio/mock_stm32_hal/mocks/Mockstm32f4xx_hal_gpio.h:9:
/Users/sohal/Developer/patel/bsp/build/bsp-test-host/tests/bsp_gpio/mock_stm32_hal/stm32f4xx_hal_gpio.h:70:3: error: redefinition of enumerator 'GPIO_PIN_SET'
   70 |   GPIO_PIN_SET
      |   ^
/Users/sohal/Developer/patel/bsp/build/bsp-test-host/tests/bsp_gpio/mock_stm32_hal/stm32f4xx_hal_def.h:53:5: note: previous definition is here
   53 |     GPIO_PIN_SET
      |     ^
In file included from /Users/sohal/Developer/patel/bsp/build/bsp-test-host/tests/bsp_gpio/runner/test_bsp_gpio_runner.c:7:
In file included from /Users/sohal/Developer/patel/bsp/build/bsp-test-host/tests/bsp_gpio/mock_stm32_hal/mocks/Mockstm32f4xx_hal_gpio.h:9:
/Users/sohal/Developer/patel/bsp/build/bsp-test-host/tests/bsp_gpio/mock_stm32_hal/stm32f4xx_hal_gpio.h:71:2: error: typedef redefinition with different types ('enum GPIO_PinState' vs 'enum GPIO_PinState')
   71 | }GPIO_PinState;
      |  ^
/Users/sohal/Developer/patel/bsp/build/bsp-test-host/tests/bsp_gpio/mock_stm32_hal/stm32f4xx_hal_def.h:54:3: note: previous definition is here
   54 | } GPIO_PinState;
      |   ^
2 warnings and 3 errors generated.
[2/5] Building C object tests/bsp_gpio/CMakeFiles/test_bsp_gpio.dir/test_bsp_gpio.c.o
FAILED: [code=1] tests/bsp_gpio/CMakeFiles/test_bsp_gpio.dir/test_bsp_gpio.c.o
/usr/bin/cc -DSTM32F429xx -I/Users/sohal/Developer/patel/bsp/tests/bsp_gpio -I/Users/sohal/Developer/patel/bsp/bsp_gpio -I/Users/sohal/Developer/patel/bsp/build/bsp-test-host/tests/bsp_gpio/mock_stm32_hal/mocks -I/Users/sohal/Developer/patel/bsp/build/bsp-test-host/tests/bsp_gpio/mock_stm32_hal -I/Users/sohal/Developer/patel/bsp/_deps/cpu_precompiled_hal-src/include/cpb -I/Users/sohal/Developer/patel/bsp/_deps/cpu_precompiled_hal-src/include/stm32cubef4/Drivers/STM32F4xx_HAL_Driver/Inc -I/Users/sohal/Developer/patel/bsp/_deps/cpu_precompiled_hal-src/include/stm32cubef4/Drivers/CMSIS/Device/ST/STM32F4xx/Include -I/Users/sohal/Developer/patel/bsp/_deps/cpu_precompiled_hal-src/include/stm32cubef4/Drivers/CMSIS/Core/Include -I/Users/sohal/Developer/patel/bsp/_deps/cmock-src/src -I/Users/sohal/Developer/patel/bsp/_deps/unity-src/src -I/Users/sohal/Developer/patel/bsp/_deps/unity-build -g -arch arm64 -g -O0 -Wall -Wshadow -fprofile-arcs -ftest-coverage -MD -MT tests/bsp_gpio/CMakeFiles/test_bsp_gpio.dir/test_bsp_gpio.c.o -MF tests/bsp_gpio/CMakeFiles/test_bsp_gpio.dir/test_bsp_gpio.c.o.d -o tests/bsp_gpio/CMakeFiles/test_bsp_gpio.dir/test_bsp_gpio.c.o -c /Users/sohal/Developer/patel/bsp/tests/bsp_gpio/test_bsp_gpio.c
In file included from /Users/sohal/Developer/patel/bsp/tests/bsp_gpio/test_bsp_gpio.c:8:
In file included from /Users/sohal/Developer/patel/bsp/build/bsp-test-host/tests/bsp_gpio/mock_stm32_hal/mocks/Mockstm32f4xx_hal_gpio.h:9:
/Users/sohal/Developer/patel/bsp/build/bsp-test-host/tests/bsp_gpio/mock_stm32_hal/stm32f4xx_hal_gpio.h:69:3: warning: declaration shadows a variable in the global scope [-Wshadow]
   69 |   GPIO_PIN_RESET = 0,
      |   ^
/Users/sohal/Developer/patel/bsp/build/bsp-test-host/tests/bsp_gpio/mock_stm32_hal/stm32f4xx_hal_def.h:52:5: note: previous declaration is here
   52 |     GPIO_PIN_RESET = 0,
      |     ^
In file included from /Users/sohal/Developer/patel/bsp/tests/bsp_gpio/test_bsp_gpio.c:8:
In file included from /Users/sohal/Developer/patel/bsp/build/bsp-test-host/tests/bsp_gpio/mock_stm32_hal/mocks/Mockstm32f4xx_hal_gpio.h:9:
/Users/sohal/Developer/patel/bsp/build/bsp-test-host/tests/bsp_gpio/mock_stm32_hal/stm32f4xx_hal_gpio.h:69:3: error: redefinition of enumerator 'GPIO_PIN_RESET'
   69 |   GPIO_PIN_RESET = 0,
      |   ^
/Users/sohal/Developer/patel/bsp/build/bsp-test-host/tests/bsp_gpio/mock_stm32_hal/stm32f4xx_hal_def.h:52:5: note: previous definition is here
   52 |     GPIO_PIN_RESET = 0,
      |     ^
In file included from /Users/sohal/Developer/patel/bsp/tests/bsp_gpio/test_bsp_gpio.c:8:
In file included from /Users/sohal/Developer/patel/bsp/build/bsp-test-host/tests/bsp_gpio/mock_stm32_hal/mocks/Mockstm32f4xx_hal_gpio.h:9:
/Users/sohal/Developer/patel/bsp/build/bsp-test-host/tests/bsp_gpio/mock_stm32_hal/stm32f4xx_hal_gpio.h:70:3: warning: declaration shadows a variable in the global scope [-Wshadow]
   70 |   GPIO_PIN_SET
      |   ^
/Users/sohal/Developer/patel/bsp/build/bsp-test-host/tests/bsp_gpio/mock_stm32_hal/stm32f4xx_hal_def.h:53:5: note: previous declaration is here
   53 |     GPIO_PIN_SET
      |     ^
In file included from /Users/sohal/Developer/patel/bsp/tests/bsp_gpio/test_bsp_gpio.c:8:
In file included from /Users/sohal/Developer/patel/bsp/build/bsp-test-host/tests/bsp_gpio/mock_stm32_hal/mocks/Mockstm32f4xx_hal_gpio.h:9:
/Users/sohal/Developer/patel/bsp/build/bsp-test-host/tests/bsp_gpio/mock_stm32_hal/stm32f4xx_hal_gpio.h:70:3: error: redefinition of enumerator 'GPIO_PIN_SET'
   70 |   GPIO_PIN_SET
      |   ^
/Users/sohal/Developer/patel/bsp/build/bsp-test-host/tests/bsp_gpio/mock_stm32_hal/stm32f4xx_hal_def.h:53:5: note: previous definition is here
   53 |     GPIO_PIN_SET
      |     ^
In file included from /Users/sohal/Developer/patel/bsp/tests/bsp_gpio/test_bsp_gpio.c:8:
In file included from /Users/sohal/Developer/patel/bsp/build/bsp-test-host/tests/bsp_gpio/mock_stm32_hal/mocks/Mockstm32f4xx_hal_gpio.h:9:
/Users/sohal/Developer/patel/bsp/build/bsp-test-host/tests/bsp_gpio/mock_stm32_hal/stm32f4xx_hal_gpio.h:71:2: error: typedef redefinition with different types ('enum GPIO_PinState' vs 'enum GPIO_PinState')
   71 | }GPIO_PinState;
      |  ^
/Users/sohal/Developer/patel/bsp/build/bsp-test-host/tests/bsp_gpio/mock_stm32_hal/stm32f4xx_hal_def.h:54:3: note: previous definition is here
   54 | } GPIO_PinState;
      |   ^
2 warnings and 3 errors generated.
[3/5] Building C object tests/bsp_gpio/CMakeFiles/mock_stm32_hal.dir/mock_stm32_hal/mocks/Mockstm32f4xx_hal_gpio.c.o
FAILED: [code=1] tests/bsp_gpio/CMakeFiles/mock_stm32_hal.dir/mock_stm32_hal/mocks/Mockstm32f4xx_hal_gpio.c.o
/usr/bin/cc -DSTM32F429xx -I/Users/sohal/Developer/patel/bsp/build/bsp-test-host/tests/bsp_gpio/mock_stm32_hal/mocks -I/Users/sohal/Developer/patel/bsp/build/bsp-test-host/tests/bsp_gpio/mock_stm32_hal -I/Users/sohal/Developer/patel/bsp/_deps/cpu_precompiled_hal-src/include/cpb -I/Users/sohal/Developer/patel/bsp/_deps/cpu_precompiled_hal-src/include/stm32cubef4/Drivers/STM32F4xx_HAL_Driver/Inc -I/Users/sohal/Developer/patel/bsp/_deps/cpu_precompiled_hal-src/include/stm32cubef4/Drivers/CMSIS/Device/ST/STM32F4xx/Include -I/Users/sohal/Developer/patel/bsp/_deps/cpu_precompiled_hal-src/include/stm32cubef4/Drivers/CMSIS/Core/Include -I/Users/sohal/Developer/patel/bsp/_deps/cmock-src/src -I/Users/sohal/Developer/patel/bsp/_deps/unity-src/src -I/Users/sohal/Developer/patel/bsp/_deps/unity-build -g -arch arm64 -MD -MT tests/bsp_gpio/CMakeFiles/mock_stm32_hal.dir/mock_stm32_hal/mocks/Mockstm32f4xx_hal_gpio.c.o -MF tests/bsp_gpio/CMakeFiles/mock_stm32_hal.dir/mock_stm32_hal/mocks/Mockstm32f4xx_hal_gpio.c.o.d -o tests/bsp_gpio/CMakeFiles/mock_stm32_hal.dir/mock_stm32_hal/mocks/Mockstm32f4xx_hal_gpio.c.o -c /Users/sohal/Developer/patel/bsp/build/bsp-test-host/tests/bsp_gpio/mock_stm32_hal/mocks/Mockstm32f4xx_hal_gpio.c
In file included from /Users/sohal/Developer/patel/bsp/build/bsp-test-host/tests/bsp_gpio/mock_stm32_hal/mocks/Mockstm32f4xx_hal_gpio.c:6:
In file included from /Users/sohal/Developer/patel/bsp/build/bsp-test-host/tests/bsp_gpio/mock_stm32_hal/mocks/Mockstm32f4xx_hal_gpio.h:9:
/Users/sohal/Developer/patel/bsp/build/bsp-test-host/tests/bsp_gpio/mock_stm32_hal/stm32f4xx_hal_gpio.h:69:3: error: redefinition of enumerator 'GPIO_PIN_RESET'
   69 |   GPIO_PIN_RESET = 0,
      |   ^
/Users/sohal/Developer/patel/bsp/build/bsp-test-host/tests/bsp_gpio/mock_stm32_hal/stm32f4xx_hal_def.h:52:5: note: previous definition is here
   52 |     GPIO_PIN_RESET = 0,
      |     ^
In file included from /Users/sohal/Developer/patel/bsp/build/bsp-test-host/tests/bsp_gpio/mock_stm32_hal/mocks/Mockstm32f4xx_hal_gpio.c:6:
In file included from /Users/sohal/Developer/patel/bsp/build/bsp-test-host/tests/bsp_gpio/mock_stm32_hal/mocks/Mockstm32f4xx_hal_gpio.h:9:
/Users/sohal/Developer/patel/bsp/build/bsp-test-host/tests/bsp_gpio/mock_stm32_hal/stm32f4xx_hal_gpio.h:70:3: error: redefinition of enumerator 'GPIO_PIN_SET'
   70 |   GPIO_PIN_SET
      |   ^
/Users/sohal/Developer/patel/bsp/build/bsp-test-host/tests/bsp_gpio/mock_stm32_hal/stm32f4xx_hal_def.h:53:5: note: previous definition is here
   53 |     GPIO_PIN_SET
      |     ^
In file included from /Users/sohal/Developer/patel/bsp/build/bsp-test-host/tests/bsp_gpio/mock_stm32_hal/mocks/Mockstm32f4xx_hal_gpio.c:6:
In file included from /Users/sohal/Developer/patel/bsp/build/bsp-test-host/tests/bsp_gpio/mock_stm32_hal/mocks/Mockstm32f4xx_hal_gpio.h:9:
/Users/sohal/Developer/patel/bsp/build/bsp-test-host/tests/bsp_gpio/mock_stm32_hal/stm32f4xx_hal_gpio.h:71:2: error: typedef redefinition with different types ('enum GPIO_PinState' vs 'enum GPIO_PinState')
   71 | }GPIO_PinState;
      |  ^
/Users/sohal/Developer/patel/bsp/build/bsp-test-host/tests/bsp_gpio/mock_stm32_hal/stm32f4xx_hal_def.h:54:3: note: previous definition is here
   54 | } GPIO_PinState;
      |   ^
3 errors generated.
ninja: build stopped: subcommand failed.
